// Jest Snapshot v1, https://goo.gl/fbAQLP

exports[`listpage events event names must never change 1`] = `"CL_FILTER_UPDATE"`;

exports[`listpage events event names must never change 2`] = `"TOTAL_COUNT_UPDATE"`;

exports[`listpage events event names must never change 3`] = `"list-items:changed"`;

exports[`listpage events event names must never change 4`] = `"SAVED_SEARCHES_FRAGMENT_INIT"`;

exports[`listpage events event names must never change 5`] = `"LIST_ITEMS_INITIALIZED"`;

exports[`listpage events event names must never change 6`] = `"WEB_PUSH:OPT_IN"`;

exports[`listpage events event names must never change 7`] = `"CLASSIFIED_LIST:REQUEST_FILTER_VALUES"`;
