// Jest Snapshot v1, https://goo.gl/fbAQLP

exports[`page events event names must never change 1`] = `"SAVED_SEARCHES_EDIT:SEARCH_MASK_QUERY_UPDATE"`;
